// Jest Snapshot v1, https://goo.gl/fbAQLP

exports[`CreateNewsItem Component: renders correctly 1`] = `
"<div class=\\"create-news-container\\"><p>Create news</p><form class=\\"create-news-form\\"><div style=\\"font-size:16px;line-height:24px;width:100%;height:48px;display:inline-block;position:relative;background-color:transparent;font-family:Roboto, sans-serif;transition:height 200ms cubic-bezier(0.23, 1, 0.32, 1) 0ms;cursor:auto;margin-bottom:15px;mui-prepared:\\"><div style=\\"position:absolute;opacity:1;color:rgba(0, 0, 0, 0.3);transition:all 450ms cubic-bezier(0.23, 1, 0.32, 1) 0ms;bottom:12px;mui-prepared:\\">Title</div><input type=\\"text\\" style=\\"appearance:textfield;padding:0;position:relative;width:100%;border:none;outline:none;background-color:rgba(0,0,0,0);color:rgba(0, 0, 0, 0.87);cursor:inherit;font:inherit;-webkit-opacity:1;-webkit-tap-highlight-color:rgba(0,0,0,0);height:100%;mui-prepared:\\" id=\\"title\\"/><div><hr aria-hidden=\\"true\\" style=\\"border-top:none;border-left:none;border-right:none;border-bottom-style:solid;border-bottom-width:1px;border-color:#e0e0e0;bottom:8px;box-sizing:content-box;margin:0;position:absolute;width:100%;mui-prepared:\\"/><hr aria-hidden=\\"true\\" style=\\"border-top:none;border-left:none;border-right:none;border-bottom-style:solid;border-bottom-width:2px;border-color:#00bcd4;bottom:8px;box-sizing:content-box;margin:0;position:absolute;width:100%;transform:scaleX(0);transition:all 450ms cubic-bezier(0.23, 1, 0.32, 1) 0ms;mui-prepared:\\"/></div></div><div style=\\"font-size:16px;line-height:24px;width:100%;height:48px;display:inline-block;position:relative;background-color:transparent;font-family:Roboto, sans-serif;transition:height 200ms cubic-bezier(0.23, 1, 0.32, 1) 0ms;cursor:auto;margin-bottom:15px;mui-prepared:\\"><div style=\\"position:absolute;opacity:1;color:rgba(0, 0, 0, 0.3);transition:all 450ms cubic-bezier(0.23, 1, 0.32, 1) 0ms;bottom:12px;mui-prepared:\\">Sub Title</div><input type=\\"text\\" style=\\"appearance:textfield;padding:0;position:relative;width:100%;border:none;outline:none;background-color:rgba(0,0,0,0);color:rgba(0, 0, 0, 0.87);cursor:inherit;font:inherit;-webkit-opacity:1;-webkit-tap-highlight-color:rgba(0,0,0,0);height:100%;mui-prepared:\\" id=\\"undefined-SubTitle-undefined-52419\\"/><div><hr aria-hidden=\\"true\\" style=\\"border-top:none;border-left:none;border-right:none;border-bottom-style:solid;border-bottom-width:1px;border-color:#e0e0e0;bottom:8px;box-sizing:content-box;margin:0;position:absolute;width:100%;mui-prepared:\\"/><hr aria-hidden=\\"true\\" style=\\"border-top:none;border-left:none;border-right:none;border-bottom-style:solid;border-bottom-width:2px;border-color:#00bcd4;bottom:8px;box-sizing:content-box;margin:0;position:absolute;width:100%;transform:scaleX(0);transition:all 450ms cubic-bezier(0.23, 1, 0.32, 1) 0ms;mui-prepared:\\"/></div></div><div style=\\"font-size:16px;line-height:24px;width:100%;height:120px;display:inline-block;position:relative;background-color:transparent;font-family:Roboto, sans-serif;transition:height 200ms cubic-bezier(0.23, 1, 0.32, 1) 0ms;cursor:auto;margin-bottom:15px;mui-prepared:\\"><div style=\\"position:absolute;opacity:1;color:rgba(0, 0, 0, 0.3);transition:all 450ms cubic-bezier(0.23, 1, 0.32, 1) 0ms;bottom:12px;mui-prepared:\\">News Field</div><div style=\\"position:relative;padding:0;width:100%;border:none;outline:none;background-color:rgba(0,0,0,0);color:rgba(0, 0, 0, 0.87);cursor:inherit;font:inherit;-webkit-opacity:1;-webkit-tap-highlight-color:rgba(0,0,0,0);height:100%;mui-prepared:\\"><textarea style=\\"height:auto;width:100%;resize:none;font:inherit;padding:0;cursor:inherit;position:absolute;border:none;outline:none;background-color:rgba(0,0,0,0);color:rgba(0, 0, 0, 0.87);-webkit-opacity:1;-webkit-tap-highlight-color:rgba(0,0,0,0);margin-top:12px;margin-bottom:-12px;box-sizing:border-box;appearance:textfield;overflow:hidden;visibility:hidden;mui-prepared:\\" tabindex=\\"-1\\" rows=\\"4\\" readonly=\\"\\"></textarea><textarea id=\\"undefined-NewsField-undefined-41254\\" rows=\\"4\\" style=\\"height:96px;width:100%;resize:none;font:inherit;padding:0;cursor:inherit;position:relative;border:none;outline:none;background-color:rgba(0,0,0,0);color:rgba(0, 0, 0, 0.87);-webkit-opacity:1;-webkit-tap-highlight-color:rgba(0,0,0,0);margin-top:12px;margin-bottom:-12px;box-sizing:border-box;appearance:textfield;mui-prepared:\\"></textarea></div><div><hr aria-hidden=\\"true\\" style=\\"border-top:none;border-left:none;border-right:none;border-bottom-style:solid;border-bottom-width:1px;border-color:#e0e0e0;bottom:8px;box-sizing:content-box;margin:0;position:absolute;width:100%;mui-prepared:\\"/><hr aria-hidden=\\"true\\" style=\\"border-top:none;border-left:none;border-right:none;border-bottom-style:solid;border-bottom-width:2px;border-color:#00bcd4;bottom:8px;box-sizing:content-box;margin:0;position:absolute;width:100%;transform:scaleX(0);transition:all 450ms cubic-bezier(0.23, 1, 0.32, 1) 0ms;mui-prepared:\\"/></div></div><div style=\\"font-size:16px;line-height:24px;width:100%;height:48px;display:inline-block;position:relative;background-color:transparent;font-family:Roboto, sans-serif;transition:height 200ms cubic-bezier(0.23, 1, 0.32, 1) 0ms;cursor:auto;margin-bottom:15px;mui-prepared:\\"><div style=\\"position:absolute;opacity:1;color:rgba(0, 0, 0, 0.3);transition:all 450ms cubic-bezier(0.23, 1, 0.32, 1) 0ms;bottom:12px;mui-prepared:\\">URL to your image</div><input type=\\"url\\" style=\\"appearance:textfield;padding:0;position:relative;width:100%;border:none;outline:none;background-color:rgba(0,0,0,0);color:rgba(0, 0, 0, 0.87);cursor:inherit;font:inherit;-webkit-opacity:1;-webkit-tap-highlight-color:rgba(0,0,0,0);height:100%;mui-prepared:\\" id=\\"undefined-URLtoyourimage-undefined-23947\\"/><div><hr aria-hidden=\\"true\\" style=\\"border-top:none;border-left:none;border-right:none;border-bottom-style:solid;border-bottom-width:1px;border-color:#e0e0e0;bottom:8px;box-sizing:content-box;margin:0;position:absolute;width:100%;mui-prepared:\\"/><hr aria-hidden=\\"true\\" style=\\"border-top:none;border-left:none;border-right:none;border-bottom-style:solid;border-bottom-width:2px;border-color:#00bcd4;bottom:8px;box-sizing:content-box;margin:0;position:absolute;width:100%;transform:scaleX(0);transition:all 450ms cubic-bezier(0.23, 1, 0.32, 1) 0ms;mui-prepared:\\"/></div></div><div style=\\"max-width:150px\\"><div style=\\"cursor:pointer;position:relative;overflow:visible;display:table;height:auto;width:100%;margin-bottom:16px;mui-prepared:\\"><input type=\\"checkbox\\" style=\\"position:absolute;cursor:inherit;pointer-events:all;opacity:0;width:100%;height:100%;z-index:2;left:0;box-sizing:border-box;padding:0;margin:0;mui-prepared:\\"/><div style=\\"display:flex;width:100%;height:100%\\"><label style=\\"float:left;position:relative;display:block;width:calc(100% - 46px);line-height:24px;color:rgba(0, 0, 0, 0.87);font-family:Roboto, sans-serif;mui-prepared:\\">Featured item</label><div style=\\"transition:all 450ms cubic-bezier(0.23, 1, 0.32, 1) 0ms;float:left;position:relative;display:block;flex-shrink:0;width:36px;margin-right:0;margin-left:8px;padding:4px 0px 6px 2px;mui-prepared:\\"><div style=\\"transition:all 450ms cubic-bezier(0.23, 1, 0.32, 1) 0ms;width:100%;height:14px;border-radius:30px;background-color:#bdbdbd;mui-prepared:\\"></div><div style=\\"color:rgba(0, 0, 0, 0.87);background-color:#f5f5f5;transition:all 450ms cubic-bezier(0.23, 1, 0.32, 1) 0ms;box-sizing:border-box;font-family:Roboto, sans-serif;-webkit-tap-highlight-color:rgba(0,0,0,0);box-shadow:0 1px 6px rgba(0, 0, 0, 0.12),
         0 1px 4px rgba(0, 0, 0, 0.12);border-radius:50%;position:absolute;top:1px;left:0;width:20px;height:20px;line-height:24px;mui-prepared:\\"> <div></div><div style=\\"position:absolute;height:100%;width:100%;top:0;left:0;mui-prepared:\\"></div> </div></div></div></div></div><div style=\\"color:rgba(0, 0, 0, 0.87);background-color:#ffffff;transition:all 450ms cubic-bezier(0.23, 1, 0.32, 1) 0ms;box-sizing:border-box;font-family:Roboto, sans-serif;-webkit-tap-highlight-color:rgba(0,0,0,0);box-shadow:0 1px 6px rgba(0, 0, 0, 0.12),
         0 1px 4px rgba(0, 0, 0, 0.12);border-radius:2px;display:inline-block;min-width:88px;margin-left:12px;float:right;mui-prepared:\\"><button style=\\"border:10px;box-sizing:border-box;display:inline-block;font-family:Roboto, sans-serif;-webkit-tap-highlight-color:rgba(0, 0, 0, 0);cursor:pointer;text-decoration:none;margin:0;padding:0;outline:none;font-size:inherit;font-weight:inherit;position:relative;height:36px;line-height:36px;width:100%;border-radius:2px;transition:all 450ms cubic-bezier(0.23, 1, 0.32, 1) 0ms;background-color:#ff4081;text-align:center;mui-prepared:\\" tabindex=\\"0\\" type=\\"button\\"><div><div style=\\"height:36px;border-radius:2px;background-color:;transition:all 450ms cubic-bezier(0.23, 1, 0.32, 1) 0ms;top:0;mui-prepared:\\"><span style=\\"position:relative;opacity:1;font-size:14px;letter-spacing:0;text-transform:uppercase;font-weight:500;margin:0;user-select:none;padding-left:16px;padding-right:16px;color:#ffffff;mui-prepared:\\">Save</span></div></div></button></div><div style=\\"color:rgba(0, 0, 0, 0.87);background-color:#ffffff;transition:all 450ms cubic-bezier(0.23, 1, 0.32, 1) 0ms;box-sizing:border-box;font-family:Roboto, sans-serif;-webkit-tap-highlight-color:rgba(0,0,0,0);box-shadow:0 1px 6px rgba(0, 0, 0, 0.12),
         0 1px 4px rgba(0, 0, 0, 0.12);border-radius:2px;display:inline-block;min-width:88px;margin-left:12px;float:right;mui-prepared:\\"><button style=\\"border:10px;box-sizing:border-box;display:inline-block;font-family:Roboto, sans-serif;-webkit-tap-highlight-color:rgba(0, 0, 0, 0);cursor:pointer;text-decoration:none;margin:0;padding:0;outline:none;font-size:inherit;font-weight:inherit;position:relative;height:36px;line-height:36px;width:100%;border-radius:2px;transition:all 450ms cubic-bezier(0.23, 1, 0.32, 1) 0ms;background-color:#00bcd4;text-align:center;mui-prepared:\\" tabindex=\\"0\\" type=\\"button\\"><div><div style=\\"height:36px;border-radius:2px;background-color:;transition:all 450ms cubic-bezier(0.23, 1, 0.32, 1) 0ms;top:0;mui-prepared:\\"><span style=\\"position:relative;opacity:1;font-size:14px;letter-spacing:0;text-transform:uppercase;font-weight:500;margin:0;user-select:none;padding-left:16px;padding-right:16px;color:#ffffff;mui-prepared:\\">Clear</span></div></div></button></div></form></div>"
`;
